// Jest Snapshot v1, https://goo.gl/fbAQLP

exports[`Project Text Ingestion New Container renders correctly 1`] = `
<div>
  <div>
    <form
      className="form-secondary"
      data-id="submit"
      onSubmit={[Function]}
    >
      <div>
        <header
          className="form-header"
        >
          <h2>
            Add a new text
          </h2>
        </header>
        <div
          className="form-input"
        >
          <div
            className="form-input"
            style={Object {}}
          >
            <label
              className=""
              htmlFor="upload-1"
            >
              Upload a file
            </label>
            <react-dropzone
              accepts={
                Object {
                  "accepts": null,
                  "extensions": null,
                }
              }
              className="form-dropzone style-landscape"
              inputProps={
                Object {
                  "aria-describedby": "upload-error-1",
                  "id": "upload-1",
                }
              }
              multiple={false}
              onDrop={[Function]}
              style={
                Object {
                  "width": "100%",
                }
              }
            >
              <div
                className="contents-empty"
              >
                <i
                  aria-hidden="true"
                  className="manicon manicon-cloud-up"
                />
                <div
                  className="message"
                >
                  <p
                    className="primary"
                  >
                    <span
                      className="fake-link"
                      role="button"
                      tabIndex="0"
                    >
                      Upload a file
                    </span>
                     or 
                    <br />
                    drag and drop here
                    <br />
                  </p>
                </div>
              </div>
            </react-dropzone>
            <span
              className="instructions"
            >
              Manifold can ingest texts from single files or a .zip collection.
              <br />
              See the
               
              <a
                href="https://manifoldapp.org/docs/projects/preparing"
                rel="noopener noreferrer"
                target="_blank"
              >
                documentation
              </a>
               
              for supported file types and directory structure.
            </span>
          </div>
        </div>
        <div
          className="form-divider"
        >
          or
        </div>
        <div
          className="form-input"
          style={Object {}}
        >
          <label
            className="has-instructions"
            htmlFor="text-input-1"
          >
            URL
          </label>
          <input
            aria-describedby="text-input-1"
            id="text-input-1"
            onChange={[Function]}
            type="text"
            value=""
          />
          <span
            className="instructions"
          >
            Manifold can also ingest texts by entering a URL to a Google Doc, EPUB, or HTML file.
          </span>
        </div>
        <div
          className="buttons-icon-horizontal"
          style={
            Object {
              "marginTop": 30,
            }
          }
        >
          <button
            className="buttons-icon-horizontal__button button-icon-secondary button-icon-secondary--in-drawer button-icon-secondary--dull"
            onClick={[Function]}
          >
            <svg
              aria-hidden={true}
              className="manicon-svg button-icon-secondary__icon svg-icon--close16"
              height={16}
              viewBox="0 0 16 16"
              width={16}
              xmlns="http://www.w3.org/2000/svg"
            >
              <g
                fill="none"
                fillRule="evenodd"
              >
                <path
                  d="M2.00050275,2.70620953 L2.70769718,1.9991904 L13.9994973,13.2937905 L13.2923028,14.0008096 L2.00050275,2.70620953 Z M2.70769718,14.0008096 L2.00050275,13.2937905 L13.2923028,1.9991904 L13.9994973,2.70620953 L2.70769718,14.0008096 Z"
                  fill="currentColor"
                  fillRule="nonzero"
                />
                <path
                  d="M2.00050275,2.70620953 L2.70769718,1.9991904 L13.9994973,13.2937905 L13.2923028,14.0008096 L2.00050275,2.70620953 Z M2.70769718,14.0008096 L2.00050275,13.2937905 L13.2923028,1.9991904 L13.9994973,2.70620953 L2.70769718,14.0008096 Z"
                  fill="currentColor"
                  fillRule="nonzero"
                />
              </g>
            </svg>
            <span>
              Cancel
            </span>
          </button>
          <button
            className="buttons-icon-horizontal__button button-icon-secondary button-icon-secondary--in-drawer"
            disabled={true}
            type="submit"
          >
            <svg
              aria-hidden={true}
              className="manicon-svg button-icon-secondary__icon svg-icon--check16"
              height={16}
              viewBox="0 0 16 16"
              width={16}
              xmlns="http://www.w3.org/2000/svg"
            >
              <polygon
                fill="currentColor"
                fillRule="nonzero"
                points="14.204 2.5 6.411 12.011 1.721 7.432 1 8.135 6.495 13.5 15 3.122"
              />
            </svg>
            <span>
              Continue
            </span>
          </button>
        </div>
      </div>
    </form>
  </div>
</div>
`;
